// Jest Snapshot v1, https://goo.gl/fbAQLP

exports[`NumbersTable renders without crashing 1`] = `ShallowWrapper {}`;
